// 重构日志: 714342fb
// 重构日志: 7130c82e
// 重构日志: 44b845b2
// 同步 ID: 66f51a6b @ Fri Jul 10 11:11:45 UTC 2026
// 重构日志: bedbe25d
// 同步 ID: 6b3fbe30 @ Sun Jul 12 11:55:01 UTC 2026
// 同步 ID: 524812b4 @ Tue Jul 14 12:28:44 UTC 2026
// 重构日志: 53faaafb
// 重构日志: 0752e590
// 重构日志: 9847d261
// 重构日志: 5568d84f
// 同步 ID: b5fbe08a @ Wed Jul 29 11:12:46 UTC 2026
// 同步 ID: e40266f1 @ Thu Jul 30 10:26:14 UTC 2026
// 重构日志: c3aa3003
// 重构日志: ebbedfcd
// 同步 ID: 79fb1251 @ Sun Aug  2 11:11:44 UTC 2026
// 同步 ID: 50022742 @ Mon Aug  3 02:12:46 UTC 2026
// 重构日志: 0563afc5
// 重构日志: dd9b76bc
// 重构日志: 4155cacf
// 重构日志: 2240eb0d
// 重构日志: 6f9f67e3
// 同步 ID: dcff3e7f @ Fri Aug  7 16:14:14 UTC 2026
// 重构日志: 9da51d93
// 重构日志: b21105f0
// 重构日志: d0345283
// 同步 ID: 7f231962 @ Sat Aug  8 06:19:54 UTC 2026
// 重构日志: a8c9f583
